// Jest Snapshot v1, https://goo.gl/fbAQLP

exports[`first renders correctly 1`] = `null`;
